// Jest Snapshot v1, https://goo.gl/fbAQLP

exports[`imgur image posts contain expected fields 1`] = `
Object {
  "author": "pdmcmahon",
  "authorUrl": "https://www.reddit.com/user/pdmcmahon",
  "isSelf": false,
  "name": "t3_61ns2w",
  "numComments": 8704,
  "permalink": "/r/pics/comments/61ns2w/private_internet_access_a_vpn_provider_takes_out/",
  "permalinkUrl": "https://www.reddit.com/r/pics/comments/61ns2w/private_internet_access_a_vpn_provider_takes_out/",
  "preview": Object {
    "enabled": true,
    "images": Array [
      Object {
        "id": "_QEFfizVdvXmq8ds1KmfVECGNuxKhmd9yEb_eN98tpM",
        "resolutions": Array [
          Object {
            "height": 144,
            "url": "https://external-preview.redd.it/wlmltbrPPqORxZyAZOraJDqAUyLTG5lZBhbYCMmjGEY.jpg?width=108&crop=smart&auto=webp&s=6c6a8289313821705089d79e8d41ea65b03bf03b",
            "width": 108,
          },
          Object {
            "height": 288,
            "url": "https://external-preview.redd.it/wlmltbrPPqORxZyAZOraJDqAUyLTG5lZBhbYCMmjGEY.jpg?width=216&crop=smart&auto=webp&s=cffadd3464d2ff53d2e92660677fa5bfd854dc3e",
            "width": 216,
          },
          Object {
            "height": 426,
            "url": "https://external-preview.redd.it/wlmltbrPPqORxZyAZOraJDqAUyLTG5lZBhbYCMmjGEY.jpg?width=320&crop=smart&auto=webp&s=d817ff35f4f0a3354ce6b91c98c82044c0b8ae1c",
            "width": 320,
          },
          Object {
            "height": 853,
            "url": "https://external-preview.redd.it/wlmltbrPPqORxZyAZOraJDqAUyLTG5lZBhbYCMmjGEY.jpg?width=640&crop=smart&auto=webp&s=5a62716fcb8102dd0f2f354bc5eed2a609b23eef",
            "width": 640,
          },
          Object {
            "height": 1280,
            "url": "https://external-preview.redd.it/wlmltbrPPqORxZyAZOraJDqAUyLTG5lZBhbYCMmjGEY.jpg?width=960&crop=smart&auto=webp&s=982931885eff92fbc7e97457be074241b951d1c7",
            "width": 960,
          },
          Object {
            "height": 1440,
            "url": "https://external-preview.redd.it/wlmltbrPPqORxZyAZOraJDqAUyLTG5lZBhbYCMmjGEY.jpg?width=1080&crop=smart&auto=webp&s=2466f3b62fc4eb3acd875154d4d67652fd09d38b",
            "width": 1080,
          },
        ],
        "source": Object {
          "height": 2048,
          "url": "https://external-preview.redd.it/wlmltbrPPqORxZyAZOraJDqAUyLTG5lZBhbYCMmjGEY.jpg?auto=webp&s=2e3baa5c960b9c929dd400cd3b4cd324be56bfb0",
          "width": 1536,
        },
        "variants": Object {},
      },
    ],
  },
  "selfText": "",
  "selfTextHtml": null,
  "subreddit": "pics",
  "subredditUrl": "https://www.reddit.com/r/pics",
  "thumbnail": "https://b.thumbs.redditmedia.com/FbnvRWnOKa6jJNpkDvucIJeH7e-_iEPfJp-_NRN5UpQ.jpg",
  "title": "Private Internet Access, a VPN provider, takes out a full page ad in The New York Time calling out 50 senators.",
  "url": "http://i.imgur.com/GJYYNle.jpg",
}
`;

exports[`link posts contain expected fields 1`] = `
Object {
  "author": "impeccabletim",
  "authorUrl": "https://www.reddit.com/user/impeccabletim",
  "isSelf": false,
  "name": "t3_gnggd4",
  "numComments": 7531,
  "permalink": "/r/movies/comments/gnggd4/zack_snyder_will_releasethesnydercut_of_justice/",
  "permalinkUrl": "https://www.reddit.com/r/movies/comments/gnggd4/zack_snyder_will_releasethesnydercut_of_justice/",
  "preview": Object {
    "enabled": false,
    "images": Array [
      Object {
        "id": "czmqhhvKLXMf0hazlXAAAO5_izLzYN9BVymcfhNxJAs",
        "resolutions": Array [
          Object {
            "height": 60,
            "url": "https://external-preview.redd.it/tM5KtWyvDi5wC_JWFn1UmWZIX6F6TdNq5NWhYuv4PlI.jpg?width=108&crop=smart&auto=webp&s=3d57d0ec43a290f05ae3d45c001d4e39e3bdd63d",
            "width": 108,
          },
          Object {
            "height": 121,
            "url": "https://external-preview.redd.it/tM5KtWyvDi5wC_JWFn1UmWZIX6F6TdNq5NWhYuv4PlI.jpg?width=216&crop=smart&auto=webp&s=4e8a253729f8a848be91efe3f9e5eaf09c37ad75",
            "width": 216,
          },
          Object {
            "height": 180,
            "url": "https://external-preview.redd.it/tM5KtWyvDi5wC_JWFn1UmWZIX6F6TdNq5NWhYuv4PlI.jpg?width=320&crop=smart&auto=webp&s=c855b9986944720a0756cf15ccdbcc46e42fd58e",
            "width": 320,
          },
          Object {
            "height": 360,
            "url": "https://external-preview.redd.it/tM5KtWyvDi5wC_JWFn1UmWZIX6F6TdNq5NWhYuv4PlI.jpg?width=640&crop=smart&auto=webp&s=45514b44a55b50048a062509d424954c7aa13540",
            "width": 640,
          },
          Object {
            "height": 540,
            "url": "https://external-preview.redd.it/tM5KtWyvDi5wC_JWFn1UmWZIX6F6TdNq5NWhYuv4PlI.jpg?width=960&crop=smart&auto=webp&s=cdcbd00120bd19a9ae94924de903f32ce18caed7",
            "width": 960,
          },
        ],
        "source": Object {
          "height": 563,
          "url": "https://external-preview.redd.it/tM5KtWyvDi5wC_JWFn1UmWZIX6F6TdNq5NWhYuv4PlI.jpg?auto=webp&s=b6b61c00291f4ae553f9cc90eb7a520148c55bc4",
          "width": 1000,
        },
        "variants": Object {},
      },
    ],
  },
  "selfText": "",
  "selfTextHtml": null,
  "subreddit": "movies",
  "subredditUrl": "https://www.reddit.com/r/movies",
  "thumbnail": "https://b.thumbs.redditmedia.com/6vSWsBxSAOv4gkLQ7bnIsaC9Ct8DoyCGPTZZPhuuXHA.jpg",
  "title": "Zack Snyder Will #ReleaseTheSnyderCut of ‘Justice League’ on HBO Max",
  "url": "https://variety.com/2020/film/news/zack-snyder-release-the-snyder-cut-justice-league-hbo-max-1234611928/",
}
`;

exports[`reddit image posts contain expected fields 1`] = `
Object {
  "author": "Itsjorgehernandez",
  "authorUrl": "https://www.reddit.com/user/Itsjorgehernandez",
  "isSelf": false,
  "name": "t3_5bx4bx",
  "numComments": 6093,
  "permalink": "/r/pics/comments/5bx4bx/thanks_obama/",
  "permalinkUrl": "https://www.reddit.com/r/pics/comments/5bx4bx/thanks_obama/",
  "preview": Object {
    "enabled": true,
    "images": Array [
      Object {
        "id": "cJloj9m7rJV8LPjWu6wqeb79nCLzKlz_w1G8srCUeW8",
        "resolutions": Array [
          Object {
            "height": 77,
            "url": "https://external-preview.redd.it/zMNWQ9dfhnCPSkbkniwM6J0y8QbuOJJfnGPrvk0JcY0.jpg?width=108&crop=smart&auto=webp&s=461933a6cb8fe5e9028eaad833315313cd484176",
            "width": 108,
          },
          Object {
            "height": 154,
            "url": "https://external-preview.redd.it/zMNWQ9dfhnCPSkbkniwM6J0y8QbuOJJfnGPrvk0JcY0.jpg?width=216&crop=smart&auto=webp&s=9e89f7b2848d023193bff1e28fedb26c0831a709",
            "width": 216,
          },
          Object {
            "height": 228,
            "url": "https://external-preview.redd.it/zMNWQ9dfhnCPSkbkniwM6J0y8QbuOJJfnGPrvk0JcY0.jpg?width=320&crop=smart&auto=webp&s=a309bbb75e8b10212074ef1b608602ce3e6c79c0",
            "width": 320,
          },
          Object {
            "height": 457,
            "url": "https://external-preview.redd.it/zMNWQ9dfhnCPSkbkniwM6J0y8QbuOJJfnGPrvk0JcY0.jpg?width=640&crop=smart&auto=webp&s=d9353ca5ee5cc6ecb61830bc05b84f4b5f5f3261",
            "width": 640,
          },
          Object {
            "height": 685,
            "url": "https://external-preview.redd.it/zMNWQ9dfhnCPSkbkniwM6J0y8QbuOJJfnGPrvk0JcY0.jpg?width=960&crop=smart&auto=webp&s=44df3ca2cdae79accda7e0528d2b34e06b2115c3",
            "width": 960,
          },
          Object {
            "height": 771,
            "url": "https://external-preview.redd.it/zMNWQ9dfhnCPSkbkniwM6J0y8QbuOJJfnGPrvk0JcY0.jpg?width=1080&crop=smart&auto=webp&s=193965b8f299a487e5e908cff33804880c3ba4c5",
            "width": 1080,
          },
        ],
        "source": Object {
          "height": 1060,
          "url": "https://external-preview.redd.it/zMNWQ9dfhnCPSkbkniwM6J0y8QbuOJJfnGPrvk0JcY0.jpg?auto=webp&s=d46c9b24bad06caf5738921bcaf0e0ee91a74833",
          "width": 1484,
        },
        "variants": Object {},
      },
    ],
  },
  "selfText": "",
  "selfTextHtml": null,
  "subreddit": "pics",
  "subredditUrl": "https://www.reddit.com/r/pics",
  "thumbnail": "https://b.thumbs.redditmedia.com/Fr9R6tnl-EsiU4mU_YdmULZuX5asE3URcnfvK2rk_OI.jpg",
  "title": "Thanks, Obama.",
  "url": "https://i.reddituploads.com/58986555f545487c9d449bd5d9326528?fit=max&h=1536&w=1536&s=c15543d234ef9bbb27cb168b01afb87d",
}
`;

exports[`self posts contain expected fields 1`] = `
Object {
  "author": "orqa",
  "authorUrl": "https://www.reddit.com/user/orqa",
  "isSelf": true,
  "name": "t3_gnc5a5",
  "numComments": 7,
  "permalink": "/r/redditdev/comments/gnc5a5/how_do_i_get_the_oauth_access_token_that_praw/",
  "permalinkUrl": "https://www.reddit.com/r/redditdev/comments/gnc5a5/how_do_i_get_the_oauth_access_token_that_praw/",
  "preview": undefined,
  "selfText": "After running instantiating the reddit instance:


        reddit = praw.Reddit(client_id=client_id,
                         client_secret=client_secret,
                         user_agent=user_agent,
                         username=username,
                         password=password)


is there a way for me to access the \`access_token\` that praw generates using my bots' credentials?

The reason I want this is so I'll be able to do regular API calls (using \`requests\` instead of \`praw\`) without having to generates a separate \`access_token\`


I was hoping for something like this:

    reddit.auth.access_token",
  "selfTextHtml": "<!-- SC_OFF --><div class=\\"md\\"><p>After running instantiating the reddit instance:</p>

<pre><code>    reddit = praw.Reddit(client_id=client_id,
                     client_secret=client_secret,
                     user_agent=user_agent,
                     username=username,
                     password=password)
</code></pre>

<p>is there a way for me to access the <code>access_token</code> that praw generates using my bots&#39; credentials?</p>

<p>The reason I want this is so I&#39;ll be able to do regular API calls (using <code>requests</code> instead of <code>praw</code>) without having to generates a separate <code>access_token</code></p>

<p>I was hoping for something like this:</p>

<pre><code>reddit.auth.access_token
</code></pre>
</div><!-- SC_ON -->",
  "subreddit": "redditdev",
  "subredditUrl": "https://www.reddit.com/r/redditdev",
  "thumbnail": "self",
  "title": "How do I get the OAuth access token that praw generates?",
  "url": "https://www.reddit.com/r/redditdev/comments/gnc5a5/how_do_i_get_the_oauth_access_token_that_praw/",
}
`;
